Archive member included to satisfy reference by file (symbol)

c:/st/stm32cubeide_1.7.0/stm32cubeide/plugins/com.st.stm32cube.ide.mcu.externaltools.gnu-tools-for-stm32.9-2020-q2-update.win32_2.0.0.202105311346/tools/bin/../lib/gcc/arm-none-eabi/9.3.1/../../../../arm-none-eabi/lib/thumb/v7-m/nofp\libc_nano.a(lib_a-errno.o)
                              ./Core/Src/syscalls.o (__errno)
c:/st/stm32cubeide_1.7.0/stm32cubeide/plugins/com.st.stm32cube.ide.mcu.externaltools.gnu-tools-for-stm32.9-2020-q2-update.win32_2.0.0.202105311346/tools/bin/../lib/gcc/arm-none-eabi/9.3.1/../../../../arm-none-eabi/lib/thumb/v7-m/nofp\libc_nano.a(lib_a-exit.o)
                              c:/st/stm32cubeide_1.7.0/stm32cubeide/plugins/com.st.stm32cube.ide.mcu.externaltools.gnu-tools-for-stm32.9-2020-q2-update.win32_2.0.0.202105311346/tools/bin/../lib/gcc/arm-none-eabi/9.3.1/../../../../arm-none-eabi/lib/thumb/v7-m/nofp/crt0.o (exit)
c:/st/stm32cubeide_1.7.0/stm32cubeide/plugins/com.st.stm32cube.ide.mcu.externaltools.gnu-tools-for-stm32.9-2020-q2-update.win32_2.0.0.202105311346/tools/bin/../lib/gcc/arm-none-eabi/9.3.1/../../../../arm-none-eabi/lib/thumb/v7-m/nofp\libc_nano.a(lib_a-impure.o)
                              c:/st/stm32cubeide_1.7.0/stm32cubeide/plugins/com.st.stm32cube.ide.mcu.externaltools.gnu-tools-for-stm32.9-2020-q2-update.win32_2.0.0.202105311346/tools/bin/../lib/gcc/arm-none-eabi/9.3.1/../../../../arm-none-eabi/lib/thumb/v7-m/nofp\libc_nano.a(lib_a-exit.o) (_global_impure_ptr)
c:/st/stm32cubeide_1.7.0/stm32cubeide/plugins/com.st.stm32cube.ide.mcu.externaltools.gnu-tools-for-stm32.9-2020-q2-update.win32_2.0.0.202105311346/tools/bin/../lib/gcc/arm-none-eabi/9.3.1/../../../../arm-none-eabi/lib/thumb/v7-m/nofp\libc_nano.a(lib_a-init.o)
                              c:/st/stm32cubeide_1.7.0/stm32cubeide/plugins/com.st.stm32cube.ide.mcu.externaltools.gnu-tools-for-stm32.9-2020-q2-update.win32_2.0.0.202105311346/tools/bin/../lib/gcc/arm-none-eabi/9.3.1/../../../../arm-none-eabi/lib/thumb/v7-m/nofp/crt0.o (__libc_init_array)
c:/st/stm32cubeide_1.7.0/stm32cubeide/plugins/com.st.stm32cube.ide.mcu.externaltools.gnu-tools-for-stm32.9-2020-q2-update.win32_2.0.0.202105311346/tools/bin/../lib/gcc/arm-none-eabi/9.3.1/../../../../arm-none-eabi/lib/thumb/v7-m/nofp\libc_nano.a(lib_a-memset.o)
                              c:/st/stm32cubeide_1.7.0/stm32cubeide/plugins/com.st.stm32cube.ide.mcu.externaltools.gnu-tools-for-stm32.9-2020-q2-update.win32_2.0.0.202105311346/tools/bin/../lib/gcc/arm-none-eabi/9.3.1/../../../../arm-none-eabi/lib/thumb/v7-m/nofp/crt0.o (memset)

Allocating common symbols
Common symbol       size              file

uwTick              0x4               ./Drivers/STM32F1xx_HAL_Driver/Src/stm32f1xx_hal.o
pFlash              0x20              ./Drivers/STM32F1xx_HAL_Driver/Src/stm32f1xx_hal_flash.o
htim2               0x48              ./Core/Src/main.o

Discarded input sections

 .text          0x0000000000000000        0x0 c:/st/stm32cubeide_1.7.0/stm32cubeide/plugins/com.st.stm32cube.ide.mcu.externaltools.gnu-tools-for-stm32.9-2020-q2-update.win32_2.0.0.202105311346/tools/bin/../lib/gcc/arm-none-eabi/9.3.1/thumb/v7-m/nofp/crti.o
 .data          0x0000000000000000        0x0 c:/st/stm32cubeide_1.7.0/stm32cubeide/plugins/com.st.stm32cube.ide.mcu.externaltools.gnu-tools-for-stm32.9-2020-q2-update.win32_2.0.0.202105311346/tools/bin/../lib/gcc/arm-none-eabi/9.3.1/thumb/v7-m/nofp/crti.o
 .bss           0x0000000000000000        0x0 c:/st/stm32cubeide_1.7.0/stm32cubeide/plugins/com.st.stm32cube.ide.mcu.externaltools.gnu-tools-for-stm32.9-2020-q2-update.win32_2.0.0.202105311346/tools/bin/../lib/gcc/arm-none-eabi/9.3.1/thumb/v7-m/nofp/crti.o
 .data          0x0000000000000000        0x4 c:/st/stm32cubeide_1.7.0/stm32cubeide/plugins/com.st.stm32cube.ide.mcu.externaltools.gnu-tools-for-stm32.9-2020-q2-update.win32_2.0.0.202105311346/tools/bin/../lib/gcc/arm-none-eabi/9.3.1/thumb/v7-m/nofp/crtbegin.o
 .text          0x0000000000000000       0x7c c:/st/stm32cubeide_1.7.0/stm32cubeide/plugins/com.st.stm32cube.ide.mcu.externaltools.gnu-tools-for-stm32.9-2020-q2-update.win32_2.0.0.202105311346/tools/bin/../lib/gcc/arm-none-eabi/9.3.1/../../../../arm-none-eabi/lib/thumb/v7-m/nofp/crt0.o
 .data          0x0000000000000000        0x0 c:/st/stm32cubeide_1.7.0/stm32cubeide/plugins/com.st.stm32cube.ide.mcu.externaltools.gnu-tools-for-stm32.9-2020-q2-update.win32_2.0.0.202105311346/tools/bin/../lib/gcc/arm-none-eabi/9.3.1/../../../../arm-none-eabi/lib/thumb/v7-m/nofp/crt0.o
 .bss           0x0000000000000000        0x0 c:/st/stm32cubeide_1.7.0/stm32cubeide/plugins/com.st.stm32cube.ide.mcu.externaltools.gnu-tools-for-stm32.9-2020-q2-update.win32_2.0.0.202105311346/tools/bin/../lib/gcc/arm-none-eabi/9.3.1/../../../../arm-none-eabi/lib/thumb/v7-m/nofp/crt0.o
[...]
Memory Configuration

Name             Origin             Length             Attributes
RAM              0x0000000020000000 0x0000000000002800 xrw
FLASH            0x0000000008000000 0x0000000000008000 xr
*default*        0x0000000000000000 0xffffffffffffffff

Linker script and memory map

LOAD c:/st/stm32cubeide_1.7.0/stm32cubeide/plugins/com.st.stm32cube.ide.mcu.externaltools.gnu-tools-for-stm32.9-2020-q2-update.win32_2.0.0.202105311346/tools/bin/../lib/gcc/arm-none-eabi/9.3.1/thumb/v7-m/nofp/crti.o
LOAD c:/st/stm32cubeide_1.7.0/stm32cubeide/plugins/com.st.stm32cube.ide.mcu.externaltools.gnu-tools-for-stm32.9-2020-q2-update.win32_2.0.0.202105311346/tools/bin/../lib/gcc/arm-none-eabi/9.3.1/thumb/v7-m/nofp/crtbegin.o
LOAD c:/st/stm32cubeide_1.7.0/stm32cubeide/plugins/com.st.stm32cube.ide.mcu.externaltools.gnu-tools-for-stm32.9-2020-q2-update.win32_2.0.0.202105311346/tools/bin/../lib/gcc/arm-none-eabi/9.3.1/../../../../arm-none-eabi/lib/thumb/v7-m/nofp/crt0.o
LOAD ./Core/Src/fsm_automatic.o
LOAD ./Core/Src/global.o
LOAD ./Core/Src/input_processing.o
LOAD ./Core/Src/input_reading.o
LOAD ./Core/Src/led_controller.o
LOAD ./Core/Src/main.o
LOAD ./Core/Src/software_timer.o
LOAD ./Core/Src/stm32f1xx_hal_msp.o
LOAD ./Core/Src/stm32f1xx_it.o
LOAD ./Core/Src/syscalls.o
LOAD ./Core/Src/sysmem.o
LOAD ./Core/Src/system_stm32f1xx.o
LOAD ./Core/Startup/startup_stm32f103c6ux.o
LOAD ./Drivers/STM32F1xx_HAL_Driver/Src/stm32f1xx_hal.o
LOAD ./Drivers/STM32F1xx_HAL_Driver/Src/stm32f1xx_hal_cortex.o
LOAD ./Drivers/STM32F1xx_HAL_Driver/Src/stm32f1xx_hal_dma.o
LOAD ./Drivers/STM32F1xx_HAL_Driver/Src/stm32f1xx_hal_exti.o
LOAD ./Drivers/STM32F1xx_HAL_Driver/Src/stm32f1xx_hal_flash.o
LOAD ./Drivers/STM32F1xx_HAL_Driver/Src/stm32f1xx_hal_flash_ex.o
LOAD ./Drivers/STM32F1xx_HAL_Driver/Src/stm32f1xx_hal_gpio.o
LOAD ./Drivers/STM32F1xx_HAL_Driver/Src/stm32f1xx_hal_gpio_ex.o
LOAD ./Drivers/STM32F1xx_HAL_Driver/Src/stm32f1xx_hal_pwr.o
LOAD ./Drivers/STM32F1xx_HAL_Driver/Src/stm32f1xx_hal_rcc.o
LOAD ./Drivers/STM32F1xx_HAL_Driver/Src/stm32f1xx_hal_rcc_ex.o
LOAD ./Drivers/STM32F1xx_HAL_Driver/Src/stm32f1xx_hal_tim.o
LOAD ./Drivers/STM32F1xx_HAL_Driver/Src/stm32f1xx_hal_tim_ex.o
START GROUP
LOAD c:/st/stm32cubeide_1.7.0/stm32cubeide/plugins/com.st.stm32cube.ide.mcu.externaltools.gnu-tools-for-stm32.9-2020-q2-update.win32_2.0.0.202105311346/tools/bin/../lib/gcc/arm-none-eabi/9.3.1/../../../../arm-none-eabi/lib/thumb/v7-m/nofp\libc_nano.a
LOAD c:/st/stm32cubeide_1.7.0/stm32cubeide/plugins/com.st.stm32cube.ide.mcu.externaltools.gnu-tools-for-stm32.9-2020-q2-update.win32_2.0.0.202105311346/tools/bin/../lib/gcc/arm-none-eabi/9.3.1/../../../../arm-none-eabi/lib/thumb/v7-m/nofp\libm.a
END GROUP
START GROUP
LOAD c:/st/stm32cubeide_1.7.0/stm32cubeide/plugins/com.st.stm32cube.ide.mcu.externaltools.gnu-tools-for-stm32.9-2020-q2-update.win32_2.0.0.202105311346/tools/bin/../lib/gcc/arm-none-eabi/9.3.1/thumb/v7-m/nofp\libgcc.a
LOAD c:/st/stm32cubeide_1.7.0/stm32cubeide/plugins/com.st.stm32cube.ide.mcu.externaltools.gnu-tools-for-stm32.9-2020-q2-update.win32_2.0.0.202105311346/tools/bin/../lib/gcc/arm-none-eabi/9.3.1/../../../../arm-none-eabi/lib/thumb/v7-m/nofp\libc_nano.a
END GROUP
START GROUP
LOAD c:/st/stm32cubeide_1.7.0/stm32cubeide/plugins/com.st.stm32cube.ide.mcu.externaltools.gnu-tools-for-stm32.9-2020-q2-update.win32_2.0.0.202105311346/tools/bin/../lib/gcc/arm-none-eabi/9.3.1/thumb/v7-m/nofp\libgcc.a
LOAD c:/st/stm32cubeide_1.7.0/stm32cubeide/plugins/com.st.stm32cube.ide.mcu.externaltools.gnu-tools-for-stm32.9-2020-q2-update.win32_2.0.0.202105311346/tools/bin/../lib/gcc/arm-none-eabi/9.3.1/../../../../arm-none-eabi/lib/thumb/v7-m/nofp\libc_nano.a
LOAD c:/st/stm32cubeide_1.7.0/stm32cubeide/plugins/com.st.stm32cube.ide.mcu.externaltools.gnu-tools-for-stm32.9-2020-q2-update.win32_2.0.0.202105311346/tools/bin/../lib/gcc/arm-none-eabi/9.3.1/../../../../arm-none-eabi/lib/thumb/v7-m/nofp\libnosys.a
END GROUP
START GROUP
LOAD c:/st/stm32cubeide_1.7.0/stm32cubeide/plugins/com.st.stm32cube.ide.mcu.externaltools.gnu-tools-for-stm32.9-2020-q2-update.win32_2.0.0.202105311346/tools/bin/../lib/gcc/arm-none-eabi/9.3.1/thumb/v7-m/nofp\libgcc.a
LOAD c:/st/stm32cubeide_1.7.0/stm32cubeide/plugins/com.st.stm32cube.ide.mcu.externaltools.gnu-tools-for-stm32.9-2020-q2-update.win32_2.0.0.202105311346/tools/bin/../lib/gcc/arm-none-eabi/9.3.1/../../../../arm-none-eabi/lib/thumb/v7-m/nofp\libc_nano.a
LOAD c:/st/stm32cubeide_1.7.0/stm32cubeide/plugins/com.st.stm32cube.ide.mcu.externaltools.gnu-tools-for-stm32.9-2020-q2-update.win32_2.0.0.202105311346/tools/bin/../lib/gcc/arm-none-eabi/9.3.1/../../../../arm-none-eabi/lib/thumb/v7-m/nofp\libnosys.a
END GROUP
LOAD c:/st/stm32cubeide_1.7.0/stm32cubeide/plugins/com.st.stm32cube.ide.mcu.externaltools.gnu-tools-for-stm32.9-2020-q2-update.win32_2.0.0.202105311346/tools/bin/../lib/gcc/arm-none-eabi/9.3.1/thumb/v7-m/nofp/crtend.o
LOAD c:/st/stm32cubeide_1.7.0/stm32cubeide/plugins/com.st.stm32cube.ide.mcu.externaltools.gnu-tools-for-stm32.9-2020-q2-update.win32_2.0.0.202105311346/tools/bin/../lib/gcc/arm-none-eabi/9.3.1/thumb/v7-m/nofp/crtn.o
                0x0000000020002800                _estack = (ORIGIN (RAM) + LENGTH (RAM))
                0x0000000000000200                _Min_Heap_Size = 0x200
                0x0000000000000400                _Min_Stack_Size = 0x400

.isr_vector     0x0000000008000000      0x10c
                0x0000000008000000                . = ALIGN (0x4)
 *(.isr_vector)
 .isr_vector    0x0000000008000000      0x10c ./Core/Startup/startup_stm32f103c6ux.o
                0x0000000008000000                g_pfnVectors
                0x000000000800010c                . = ALIGN (0x4)

.text           0x000000000800010c     0x2dcc
                0x000000000800010c                . = ALIGN (0x4)
 *(.text)
 .text          0x000000000800010c       0x40 c:/st/stm32cubeide_1.7.0/stm32cubeide/plugins/com.st.stm32cube.ide.mcu.externaltools.gnu-tools-for-stm32.9-2020-q2-update.win32_2.0.0.202105311346/tools/bin/../lib/gcc/arm-none-eabi/9.3.1/thumb/v7-m/nofp/crtbegin.o
 *(.text*)
 .text.getTimeAtIndex0
                0x000000000800014c       0x28 ./Core/Src/fsm_automatic.o
                0x000000000800014c                getTimeAtIndex0
 .text.getTimeAtIndex1
                0x0000000008000174       0x30 ./Core/Src/fsm_automatic.o
                0x0000000008000174                getTimeAtIndex1
 .text.fsm_automatic_run1
                0x00000000080001a4      0x370 ./Core/Src/fsm_automatic.o
                0x00000000080001a4                fsm_automatic_run1
 .text.fsm_automatic_run2
                0x0000000008000514      0x370 ./Core/Src/fsm_automatic.o
                0x0000000008000514                fsm_automatic_run2
 .text.fsm_for_input_processing
                0x0000000008000884      0x4e8 ./Core/Src/input_processing.o
                0x0000000008000884                fsm_for_input_processing
 .text.isButton1Press
                0x0000000008000d6c       0x24 ./Core/Src/input_reading.o
                0x0000000008000d6c                isButton1Press
 .text.isButton2Press
                0x0000000008000d90       0x24 ./Core/Src/input_reading.o
                0x0000000008000d90                isButton2Press
 .text.isButton3Press
                0x0000000008000db4       0x24 ./Core/Src/input_reading.o
                0x0000000008000db4                isButton3Press
 .text.getKeyInput
                0x0000000008000dd8       0xb4 ./Core/Src/input_reading.o
                0x0000000008000dd8                getKeyInput
 .text.getKeyInput2
                0x0000000008000e8c       0xb4 ./Core/Src/input_reading.o
                0x0000000008000e8c                getKeyInput2
 .text.getKeyInput3
                0x0000000008000f40       0xb4 ./Core/Src/input_reading.o
                0x0000000008000f40                getKeyInput3
 .text.display7SEG_1
                0x0000000008000ff4       0xe4 ./Core/Src/led_controller.o
                0x0000000008000ff4                display7SEG_1
 .text.enableLed7Seg1
                0x00000000080010d8       0x3c ./Core/Src/led_controller.o
                0x00000000080010d8                enableLed7Seg1
 .text.enableLed7Seg2
                0x0000000008001114       0x3c ./Core/Src/led_controller.o
                0x0000000008001114                enableLed7Seg2
 .text.enableLed7Seg3
                0x0000000008001150       0x3c ./Core/Src/led_controller.o
                0x0000000008001150                enableLed7Seg3
 .text.enableLed7Seg4
                0x000000000800118c       0x3c ./Core/Src/led_controller.o
                0x000000000800118c                enableLed7Seg4
 .text.initTrafficLight1
                0x00000000080011c8       0x2c ./Core/Src/led_controller.o
                0x00000000080011c8                initTrafficLight1
 .text.initTrafficLight2
                0x00000000080011f4       0x2c ./Core/Src/led_controller.o
                0x00000000080011f4                initTrafficLight2
 .text.setTrafficRed1
                0x0000000008001220       0x2c ./Core/Src/led_controller.o
                0x0000000008001220                setTrafficRed1
 .text.setTrafficRed2
                0x000000000800124c       0x2c ./Core/Src/led_controller.o
                0x000000000800124c                setTrafficRed2
 .text.setTrafficGreen1
                0x0000000008001278       0x2c ./Core/Src/led_controller.o
                0x0000000008001278                setTrafficGreen1
 .text.setTrafficGreen2
                0x00000000080012a4       0x2c ./Core/Src/led_controller.o
                0x00000000080012a4                setTrafficGreen2
 .text.setTrafficYellow1
                0x00000000080012d0       0x2c ./Core/Src/led_controller.o
                0x00000000080012d0                setTrafficYellow1
 .text.setTrafficYellow2
                0x00000000080012fc       0x2c ./Core/Src/led_controller.o
                0x00000000080012fc                setTrafficYellow2
 .text.main     0x0000000008001328       0x24 ./Core/Src/main.o
                0x0000000008001328                main
 .text.SystemClock_Config
                0x000000000800134c       0x76 ./Core/Src/main.o
                0x000000000800134c                SystemClock_Config
 *fill*         0x00000000080013c2        0x2 
 .text.MX_TIM2_Init
                0x00000000080013c4       0x98 ./Core/Src/main.o
 .text.MX_GPIO_Init
                0x000000000800145c       0xc8 ./Core/Src/main.o
 .text.HAL_TIM_PeriodElapsedCallback
                0x0000000008001524       0x20 ./Core/Src/main.o
                0x0000000008001524                HAL_TIM_PeriodElapsedCallback
 .text.Error_Handler
                0x0000000008001544        0xa ./Core/Src/main.o
                0x0000000008001544                Error_Handler
 *fill*         0x000000000800154e        0x2 
 .text.setTimer1
                0x0000000008001550       0x38 ./Core/Src/software_timer.o
                0x0000000008001550                setTimer1
 .text.setTimer2
                0x0000000008001588       0x38 ./Core/Src/software_timer.o
                0x0000000008001588                setTimer2
 .text.setTimer3
                0x00000000080015c0       0x38 ./Core/Src/software_timer.o
                0x00000000080015c0                setTimer3
 .text.setTimer4
                0x00000000080015f8       0x38 ./Core/Src/software_timer.o
                0x00000000080015f8                setTimer4
 .text.timerRun
                0x0000000008001630       0xd4 ./Core/Src/software_timer.o
                0x0000000008001630                timerRun
 .text.HAL_MspInit
                0x0000000008001704       0x64 ./Core/Src/stm32f1xx_hal_msp.o
                0x0000000008001704                HAL_MspInit
 .text.HAL_TIM_Base_MspInit
                0x0000000008001768       0x48 ./Core/Src/stm32f1xx_hal_msp.o
                0x0000000008001768                HAL_TIM_Base_MspInit
 .text.NMI_Handler
                0x00000000080017b0        0x6 ./Core/Src/stm32f1xx_it.o
                0x00000000080017b0                NMI_Handler
 .text.HardFault_Handler
                0x00000000080017b6        0x6 ./Core/Src/stm32f1xx_it.o
                0x00000000080017b6                HardFault_Handler
 .text.MemManage_Handler
                0x00000000080017bc        0x6 ./Core/Src/stm32f1xx_it.o
                0x00000000080017bc                MemManage_Handler
 .text.BusFault_Handler
                0x00000000080017c2        0x6 ./Core/Src/stm32f1xx_it.o
                0x00000000080017c2                BusFault_Handler
 .text.UsageFault_Handler
                0x00000000080017c8        0x6 ./Core/Src/stm32f1xx_it.o
                0x00000000080017c8                UsageFault_Handler
 .text.SVC_Handler
                0x00000000080017ce        0xc ./Core/Src/stm32f1xx_it.o
                0x00000000080017ce                SVC_Handler
 .text.DebugMon_Handler
                0x00000000080017da        0xc ./Core/Src/stm32f1xx_it.o
                0x00000000080017da                DebugMon_Handler
 .text.PendSV_Handler
                0x00000000080017e6        0xc ./Core/Src/stm32f1xx_it.o
                0x00000000080017e6                PendSV_Handler
 .text.SysTick_Handler
                0x00000000080017f2        0xc ./Core/Src/stm32f1xx_it.o
                0x00000000080017f2                SysTick_Handler
 *fill*         0x00000000080017fe        0x2 
 .text.TIM2_IRQHandler
                0x0000000008001800       0x14 ./Core/Src/stm32f1xx_it.o
                0x0000000008001800                TIM2_IRQHandler
 .text.SystemInit
                0x0000000008001814        0xc ./Core/Src/system_stm32f1xx.o
                0x0000000008001814                SystemInit
 .text.Reset_Handler
                0x0000000008001820       0x48 ./Core/Startup/startup_stm32f103c6ux.o
                0x0000000008001820                Reset_Handler
 .text.Default_Handler
                0x0000000008001868        0x2 ./Core/Startup/startup_stm32f103c6ux.o
                0x0000000008001868                RTC_Alarm_IRQHandler
                0x0000000008001868                EXTI2_IRQHandler
                0x0000000008001868                TIM1_CC_IRQHandler
                0x0000000008001868                PVD_IRQHandler
                0x0000000008001868                EXTI3_IRQHandler
                0x0000000008001868                EXTI0_IRQHandler
                0x0000000008001868                ADC1_2_IRQHandler
                0x0000000008001868                SPI1_IRQHandler
                0x0000000008001868                TAMPER_IRQHandler
                0x0000000008001868                DMA1_Channel4_IRQHandler
                0x0000000008001868                RTC_IRQHandler
                0x0000000008001868                DMA1_Channel7_IRQHandler
                0x0000000008001868                CAN1_RX1_IRQHandler
                0x0000000008001868                I2C1_EV_IRQHandler
                0x0000000008001868                DMA1_Channel6_IRQHandler
                0x0000000008001868                TIM3_IRQHandler
                0x0000000008001868                RCC_IRQHandler
                0x0000000008001868                TIM1_TRG_COM_IRQHandler
                0x0000000008001868                DMA1_Channel1_IRQHandler
                0x0000000008001868                Default_Handler
                0x0000000008001868                EXTI15_10_IRQHandler
                0x0000000008001868                EXTI9_5_IRQHandler
                0x0000000008001868                DMA1_Channel5_IRQHandler
                0x0000000008001868                EXTI4_IRQHandler
                0x0000000008001868                USB_LP_CAN1_RX0_IRQHandler
                0x0000000008001868                USB_HP_CAN1_TX_IRQHandler
                0x0000000008001868                DMA1_Channel3_IRQHandler
                0x0000000008001868                TIM1_UP_IRQHandler
                0x0000000008001868                WWDG_IRQHandler
                0x0000000008001868                TIM1_BRK_IRQHandler
                0x0000000008001868                EXTI1_IRQHandler
                0x0000000008001868                USART2_IRQHandler
                0x0000000008001868                DMA1_Channel2_IRQHandler
                0x0000000008001868                CAN1_SCE_IRQHandler
                0x0000000008001868                FLASH_IRQHandler
                0x0000000008001868                USART1_IRQHandler
                0x0000000008001868                I2C1_ER_IRQHandler
                0x0000000008001868                USBWakeUp_IRQHandler
 *fill*         0x000000000800186a        0x2 
 .text.HAL_Init
                0x000000000800186c       0x2c ./Drivers/STM32F1xx_HAL_Driver/Src/stm32f1xx_hal.o
                0x000000000800186c                HAL_Init
 .text.HAL_InitTick
                0x0000000008001898       0x60 ./Drivers/STM32F1xx_HAL_Driver/Src/stm32f1xx_hal.o
                0x0000000008001898                HAL_InitTick
 .text.HAL_IncTick
                0x00000000080018f8       0x24 ./Drivers/STM32F1xx_HAL_Driver/Src/stm32f1xx_hal.o
                0x00000000080018f8                HAL_IncTick
 .text.HAL_GetTick
                0x000000000800191c       0x14 ./Drivers/STM32F1xx_HAL_Driver/Src/stm32f1xx_hal.o
                0x000000000800191c                HAL_GetTick
 .text.__NVIC_SetPriorityGrouping
                0x0000000008001930       0x48 ./Drivers/STM32F1xx_HAL_Driver/Src/stm32f1xx_hal_cortex.o
 .text.__NVIC_GetPriorityGrouping
                0x0000000008001978       0x1c ./Drivers/STM32F1xx_HAL_Driver/Src/stm32f1xx_hal_cortex.o
 .text.__NVIC_EnableIRQ
                0x0000000008001994       0x38 ./Drivers/STM32F1xx_HAL_Driver/Src/stm32f1xx_hal_cortex.o
 .text.__NVIC_SetPriority
                0x00000000080019cc       0x54 ./Drivers/STM32F1xx_HAL_Driver/Src/stm32f1xx_hal_cortex.o
 .text.NVIC_EncodePriority
                0x0000000008001a20       0x64 ./Drivers/STM32F1xx_HAL_Driver/Src/stm32f1xx_hal_cortex.o
 .text.SysTick_Config
                0x0000000008001a84       0x44 ./Drivers/STM32F1xx_HAL_Driver/Src/stm32f1xx_hal_cortex.o
 .text.HAL_NVIC_SetPriorityGrouping
                0x0000000008001ac8       0x16 ./Drivers/STM32F1xx_HAL_Driver/Src/stm32f1xx_hal_cortex.o
                0x0000000008001ac8                HAL_NVIC_SetPriorityGrouping
 .text.HAL_NVIC_SetPriority
                0x0000000008001ade       0x38 ./Drivers/STM32F1xx_HAL_Driver/Src/stm32f1xx_hal_cortex.o
                0x0000000008001ade                HAL_NVIC_SetPriority
 .text.HAL_NVIC_EnableIRQ
                0x0000000008001b16       0x1c ./Drivers/STM32F1xx_HAL_Driver/Src/stm32f1xx_hal_cortex.o
                0x0000000008001b16                HAL_NVIC_EnableIRQ
 .text.HAL_SYSTICK_Config
                0x0000000008001b32       0x18 ./Drivers/STM32F1xx_HAL_Driver/Src/stm32f1xx_hal_cortex.o
                0x0000000008001b32                HAL_SYSTICK_Config
 *fill*         0x0000000008001b4a        0x2 
 .text.HAL_GPIO_Init
                0x0000000008001b4c      0x2f4 ./Drivers/STM32F1xx_HAL_Driver/Src/stm32f1xx_hal_gpio.o
                0x0000000008001b4c                HAL_GPIO_Init
 .text.HAL_GPIO_ReadPin
                0x0000000008001e40       0x2e ./Drivers/STM32F1xx_HAL_Driver/Src/stm32f1xx_hal_gpio.o
                0x0000000008001e40                HAL_GPIO_ReadPin
 .text.HAL_GPIO_WritePin
                0x0000000008001e6e       0x30 ./Drivers/STM32F1xx_HAL_Driver/Src/stm32f1xx_hal_gpio.o
                0x0000000008001e6e                HAL_GPIO_WritePin
 .text.HAL_GPIO_TogglePin
                0x0000000008001e9e       0x32 ./Drivers/STM32F1xx_HAL_Driver/Src/stm32f1xx_hal_gpio.o
                0x0000000008001e9e                HAL_GPIO_TogglePin
 .text.HAL_RCC_OscConfig
                0x0000000008001ed0      0x500 ./Drivers/STM32F1xx_HAL_Driver/Src/stm32f1xx_hal_rcc.o
                0x0000000008001ed0                HAL_RCC_OscConfig
 .text.HAL_RCC_ClockConfig
                0x00000000080023d0      0x1d4 ./Drivers/STM32F1xx_HAL_Driver/Src/stm32f1xx_hal_rcc.o
                0x00000000080023d0                HAL_RCC_ClockConfig
 .text.HAL_RCC_GetSysClockFreq
                0x00000000080025a4       0xc0 ./Drivers/STM32F1xx_HAL_Driver/Src/stm32f1xx_hal_rcc.o
                0x00000000080025a4                HAL_RCC_GetSysClockFreq
 .text.RCC_Delay
                0x0000000008002664       0x3c ./Drivers/STM32F1xx_HAL_Driver/Src/stm32f1xx_hal_rcc.o
 .text.HAL_TIM_Base_Init
                0x00000000080026a0       0x9e ./Drivers/STM32F1xx_HAL_Driver/Src/stm32f1xx_hal_tim.o
                0x00000000080026a0                HAL_TIM_Base_Init
 *fill*         0x000000000800273e        0x2 
 .text.HAL_TIM_Base_Start_IT
                0x0000000008002740       0x98 ./Drivers/STM32F1xx_HAL_Driver/Src/stm32f1xx_hal_tim.o
                0x0000000008002740                HAL_TIM_Base_Start_IT
 .text.HAL_TIM_IRQHandler
                0x00000000080027d8      0x210 ./Drivers/STM32F1xx_HAL_Driver/Src/stm32f1xx_hal_tim.o
                0x00000000080027d8                HAL_TIM_IRQHandler
 .text.HAL_TIM_ConfigClockSource
                0x00000000080029e8      0x188 ./Drivers/STM32F1xx_HAL_Driver/Src/stm32f1xx_hal_tim.o
                0x00000000080029e8                HAL_TIM_ConfigClockSource
 .text.HAL_TIM_OC_DelayElapsedCallback
                0x0000000008002b70       0x12 ./Drivers/STM32F1xx_HAL_Driver/Src/stm32f1xx_hal_tim.o
                0x0000000008002b70                HAL_TIM_OC_DelayElapsedCallback
 .text.HAL_TIM_IC_CaptureCallback
                0x0000000008002b82       0x12 ./Drivers/STM32F1xx_HAL_Driver/Src/stm32f1xx_hal_tim.o
                0x0000000008002b82                HAL_TIM_IC_CaptureCallback
 .text.HAL_TIM_PWM_PulseFinishedCallback
                0x0000000008002b94       0x12 ./Drivers/STM32F1xx_HAL_Driver/Src/stm32f1xx_hal_tim.o
                0x0000000008002b94                HAL_TIM_PWM_PulseFinishedCallback
 .text.HAL_TIM_TriggerCallback
                0x0000000008002ba6       0x12 ./Drivers/STM32F1xx_HAL_Driver/Src/stm32f1xx_hal_tim.o
                0x0000000008002ba6                HAL_TIM_TriggerCallback
 .text.TIM_Base_SetConfig
                0x0000000008002bb8       0xb0 ./Drivers/STM32F1xx_HAL_Driver/Src/stm32f1xx_hal_tim.o
                0x0000000008002bb8                TIM_Base_SetConfig
 .text.TIM_TI1_ConfigInputStage
                0x0000000008002c68       0x5c ./Drivers/STM32F1xx_HAL_Driver/Src/stm32f1xx_hal_tim.o
 .text.TIM_TI2_ConfigInputStage
                0x0000000008002cc4       0x5e ./Drivers/STM32F1xx_HAL_Driver/Src/stm32f1xx_hal_tim.o
 .text.TIM_ITRx_SetConfig
                0x0000000008002d22       0x34 ./Drivers/STM32F1xx_HAL_Driver/Src/stm32f1xx_hal_tim.o
 .text.TIM_ETR_SetConfig
                0x0000000008002d56       0x3e ./Drivers/STM32F1xx_HAL_Driver/Src/stm32f1xx_hal_tim.o
                0x0000000008002d56                TIM_ETR_SetConfig
 .text.HAL_TIMEx_MasterConfigSynchronization
                0x0000000008002d94       0xb0 ./Drivers/STM32F1xx_HAL_Driver/Src/stm32f1xx_hal_tim_ex.o
                0x0000000008002d94                HAL_TIMEx_MasterConfigSynchronization
 .text.HAL_TIMEx_CommutCallback
                0x0000000008002e44       0x12 ./Drivers/STM32F1xx_HAL_Driver/Src/stm32f1xx_hal_tim_ex.o
                0x0000000008002e44                HAL_TIMEx_CommutCallback
 .text.HAL_TIMEx_BreakCallback
                0x0000000008002e56       0x12 ./Drivers/STM32F1xx_HAL_Driver/Src/stm32f1xx_hal_tim_ex.o
                0x0000000008002e56                HAL_TIMEx_BreakCallback
 .text.__libc_init_array
                0x0000000008002e68       0x48 c:/st/stm32cubeide_1.7.0/stm32cubeide/plugins/com.st.stm32cube.ide.mcu.externaltools.gnu-tools-for-stm32.9-2020-q2-update.win32_2.0.0.202105311346/tools/bin/../lib/gcc/arm-none-eabi/9.3.1/../../../../arm-none-eabi/lib/thumb/v7-m/nofp\libc_nano.a(lib_a-init.o)
                0x0000000008002e68                __libc_init_array
 .text.memset   0x0000000008002eb0       0x10 c:/st/stm32cubeide_1.7.0/stm32cubeide/plugins/com.st.stm32cube.ide.mcu.externaltools.gnu-tools-for-stm32.9-2020-q2-update.win32_2.0.0.202105311346/tools/bin/../lib/gcc/arm-none-eabi/9.3.1/../../../../arm-none-eabi/lib/thumb/v7-m/nofp\libc_nano.a(lib_a-memset.o)
                0x0000000008002eb0                memset
 *(.glue_7)
 .glue_7        0x0000000008002ec0        0x0 linker stubs
 *(.glue_7t)
 .glue_7t       0x0000000008002ec0        0x0 linker stubs
 *(.eh_frame)
 .eh_frame      0x0000000008002ec0        0x0 c:/st/stm32cubeide_1.7.0/stm32cubeide/plugins/com.st.stm32cube.ide.mcu.externaltools.gnu-tools-for-stm32.9-2020-q2-update.win32_2.0.0.202105311346/tools/bin/../lib/gcc/arm-none-eabi/9.3.1/thumb/v7-m/nofp/crtbegin.o
 *(.init)
 .init          0x0000000008002ec0        0x4 c:/st/stm32cubeide_1.7.0/stm32cubeide/plugins/com.st.stm32cube.ide.mcu.externaltools.gnu-tools-for-stm32.9-2020-q2-update.win32_2.0.0.202105311346/tools/bin/../lib/gcc/arm-none-eabi/9.3.1/thumb/v7-m/nofp/crti.o
                0x0000000008002ec0                _init
 .init          0x0000000008002ec4        0x8 c:/st/stm32cubeide_1.7.0/stm32cubeide/plugins/com.st.stm32cube.ide.mcu.externaltools.gnu-tools-for-stm32.9-2020-q2-update.win32_2.0.0.202105311346/tools/bin/../lib/gcc/arm-none-eabi/9.3.1/thumb/v7-m/nofp/crtn.o
 *(.fini)
 .fini          0x0000000008002ecc        0x4 c:/st/stm32cubeide_1.7.0/stm32cubeide/plugins/com.st.stm32cube.ide.mcu.externaltools.gnu-tools-for-stm32.9-2020-q2-update.win32_2.0.0.202105311346/tools/bin/../lib/gcc/arm-none-eabi/9.3.1/thumb/v7-m/nofp/crti.o
                0x0000000008002ecc                _fini
 .fini          0x0000000008002ed0        0x8 c:/st/stm32cubeide_1.7.0/stm32cubeide/plugins/com.st.stm32cube.ide.mcu.externaltools.gnu-tools-for-stm32.9-2020-q2-update.win32_2.0.0.202105311346/tools/bin/../lib/gcc/arm-none-eabi/9.3.1/thumb/v7-m/nofp/crtn.o
                0x0000000008002ed8                . = ALIGN (0x4)
                0x0000000008002ed8                _etext = .

.vfp11_veneer   0x0000000008002ed8        0x0
 .vfp11_veneer  0x0000000008002ed8        0x0 linker stubs

.v4_bx          0x0000000008002ed8        0x0
 .v4_bx         0x0000000008002ed8        0x0 linker stubs

.iplt           0x0000000008002ed8        0x0
 .iplt          0x0000000008002ed8        0x0 c:/st/stm32cubeide_1.7.0/stm32cubeide/plugins/com.st.stm32cube.ide.mcu.externaltools.gnu-tools-for-stm32.9-2020-q2-update.win32_2.0.0.202105311346/tools/bin/../lib/gcc/arm-none-eabi/9.3.1/thumb/v7-m/nofp/crtbegin.o

.rodata         0x0000000008002ed8       0x20
                0x0000000008002ed8                . = ALIGN (0x4)
 *(.rodata)
 .rodata        0x0000000008002ed8       0x10 ./Drivers/STM32F1xx_HAL_Driver/Src/stm32f1xx_hal_rcc.o
 *(.rodata*)
 .rodata.AHBPrescTable
                0x0000000008002ee8       0x10 ./Core/Src/system_stm32f1xx.o
                0x0000000008002ee8                AHBPrescTable
                0x0000000008002ef8                . = ALIGN (0x4)

.rel.dyn        0x0000000008002ef8        0x0
 .rel.iplt      0x0000000008002ef8        0x0 c:/st/stm32cubeide_1.7.0/stm32cubeide/plugins/com.st.stm32cube.ide.mcu.externaltools.gnu-tools-for-stm32.9-2020-q2-update.win32_2.0.0.202105311346/tools/bin/../lib/gcc/arm-none-eabi/9.3.1/thumb/v7-m/nofp/crtbegin.o

.ARM.extab      0x0000000008002ef8        0x0
                0x0000000008002ef8                . = ALIGN (0x4)
 *(.ARM.extab* .gnu.linkonce.armextab.*)
                0x0000000008002ef8                . = ALIGN (0x4)

.ARM            0x0000000008002ef8        0x0
                0x0000000008002ef8                . = ALIGN (0x4)
                0x0000000008002ef8                __exidx_start = .
 *(.ARM.exidx*)
                0x0000000008002ef8                __exidx_end = .
                0x0000000008002ef8                . = ALIGN (0x4)

.preinit_array  0x0000000008002ef8        0x0
                0x0000000008002ef8                . = ALIGN (0x4)
                0x0000000008002ef8                PROVIDE (__preinit_array_start = .)
 *(.preinit_array*)
                0x0000000008002ef8                PROVIDE (__preinit_array_end = .)
                0x0000000008002ef8                . = ALIGN (0x4)

.init_array     0x0000000008002ef8        0x4
                0x0000000008002ef8                . = ALIGN (0x4)
                0x0000000008002ef8                PROVIDE (__init_array_start = .)
 *(SORT_BY_NAME(.init_array.*))
 *(.init_array*)
 .init_array    0x0000000008002ef8        0x4 c:/st/stm32cubeide_1.7.0/stm32cubeide/plugins/com.st.stm32cube.ide.mcu.externaltools.gnu-tools-for-stm32.9-2020-q2-update.win32_2.0.0.202105311346/tools/bin/../lib/gcc/arm-none-eabi/9.3.1/thumb/v7-m/nofp/crtbegin.o
                0x0000000008002efc                PROVIDE (__init_array_end = .)
                0x0000000008002efc                . = ALIGN (0x4)

.fini_array     0x0000000008002efc        0x4
                0x0000000008002efc                . = ALIGN (0x4)
                [!provide]                        PROVIDE (__fini_array_start = .)
 *(SORT_BY_NAME(.fini_array.*))
 *(.fini_array*)
 .fini_array    0x0000000008002efc        0x4 c:/st/stm32cubeide_1.7.0/stm32cubeide/plugins/com.st.stm32cube.ide.mcu.externaltools.gnu-tools-for-stm32.9-2020-q2-update.win32_2.0.0.202105311346/tools/bin/../lib/gcc/arm-none-eabi/9.3.1/thumb/v7-m/nofp/crtbegin.o
                [!provide]                        PROVIDE (__fini_array_end = .)
                0x0000000008002f00                . = ALIGN (0x4)
                0x0000000008002f00                _sidata = LOADADDR (.data)

.data           0x0000000020000000       0x74 load address 0x0000000008002f00
                0x0000000020000000                . = ALIGN (0x4)
                0x0000000020000000                _sdata = .
 *(.data)
 *(.data*)
 .data.led7SegState
                0x0000000020000000        0x4 ./Core/Src/fsm_automatic.o
                0x0000000020000000                led7SegState
 .data.led7SegState2
                0x0000000020000004        0x4 ./Core/Src/fsm_automatic.o
                0x0000000020000004                led7SegState2
 .data.LANE1_STATUS
                0x0000000020000008        0x4 ./Core/Src/global.o
                0x0000000020000008                LANE1_STATUS
 .data.LANE2_STATUS
                0x000000002000000c        0x4 ./Core/Src/global.o
                0x000000002000000c                LANE2_STATUS
 .data.led_duration
                0x0000000020000010        0xc ./Core/Src/global.o
                0x0000000020000010                led_duration
 .data.led7SegScanning
                0x000000002000001c        0x4 ./Core/Src/input_processing.o
                0x000000002000001c                led7SegScanning
 .data.TimeOutForKeyPress
                0x0000000020000020        0x4 ./Core/Src/input_reading.o
                0x0000000020000020                TimeOutForKeyPress
 .data.TimeOutForKeyPress2
                0x0000000020000024        0x4 ./Core/Src/input_reading.o
                0x0000000020000024                TimeOutForKeyPress2
 .data.TimeOutForKeyPress3
                0x0000000020000028        0x4 ./Core/Src/input_reading.o
                0x0000000020000028                TimeOutForKeyPress3
 .data.KeyReg0  0x000000002000002c        0x4 ./Core/Src/input_reading.o
                0x000000002000002c                KeyReg0
 .data.KeyReg1  0x0000000020000030        0x4 ./Core/Src/input_reading.o
                0x0000000020000030                KeyReg1
 .data.KeyReg2  0x0000000020000034        0x4 ./Core/Src/input_reading.o
                0x0000000020000034                KeyReg2
 .data.KeyReg3  0x0000000020000038        0x4 ./Core/Src/input_reading.o
                0x0000000020000038                KeyReg3
 .data.KeyReg02
                0x000000002000003c        0x4 ./Core/Src/input_reading.o
                0x000000002000003c                KeyReg02
 .data.KeyReg12
                0x0000000020000040        0x4 ./Core/Src/input_reading.o
                0x0000000020000040                KeyReg12
 .data.KeyReg22
                0x0000000020000044        0x4 ./Core/Src/input_reading.o
                0x0000000020000044                KeyReg22
 .data.KeyReg32
                0x0000000020000048        0x4 ./Core/Src/input_reading.o
                0x0000000020000048                KeyReg32
 .data.KeyReg03
                0x000000002000004c        0x4 ./Core/Src/input_reading.o
                0x000000002000004c                KeyReg03
 .data.KeyReg13
                0x0000000020000050        0x4 ./Core/Src/input_reading.o
                0x0000000020000050                KeyReg13
 .data.KeyReg23
                0x0000000020000054        0x4 ./Core/Src/input_reading.o
                0x0000000020000054                KeyReg23
 .data.KeyReg33
                0x0000000020000058        0x4 ./Core/Src/input_reading.o
                0x0000000020000058                KeyReg33
 .data.segmentNumber
                0x000000002000005c        0xa ./Core/Src/led_controller.o
                0x000000002000005c                segmentNumber
 *fill*         0x0000000020000066        0x2 
 .data.SystemCoreClock
                0x0000000020000068        0x4 ./Core/Src/system_stm32f1xx.o
                0x0000000020000068                SystemCoreClock
 .data.uwTickPrio
                0x000000002000006c        0x4 ./Drivers/STM32F1xx_HAL_Driver/Src/stm32f1xx_hal.o
                0x000000002000006c                uwTickPrio
 .data.uwTickFreq
                0x0000000020000070        0x1 ./Drivers/STM32F1xx_HAL_Driver/Src/stm32f1xx_hal.o
                0x0000000020000070                uwTickFreq
 *(.RamFunc)
 *(.RamFunc*)
                0x0000000020000074                . = ALIGN (0x4)
 *fill*         0x0000000020000071        0x3 
                0x0000000020000074                _edata = .

.igot.plt       0x0000000020000074        0x0 load address 0x0000000008002f74
 .igot.plt      0x0000000020000074        0x0 c:/st/stm32cubeide_1.7.0/stm32cubeide/plugins/com.st.stm32cube.ide.mcu.externaltools.gnu-tools-for-stm32.9-2020-q2-update.win32_2.0.0.202105311346/tools/bin/../lib/gcc/arm-none-eabi/9.3.1/thumb/v7-m/nofp/crtbegin.o
                0x0000000020000074                . = ALIGN (0x4)

.bss            0x0000000020000074       0xc8 load address 0x0000000008002f74
                0x0000000020000074                _sbss = .
                0x0000000020000074                __bss_start__ = _sbss
 *(.bss)
 .bss           0x0000000020000074       0x1c c:/st/stm32cubeide_1.7.0/stm32cubeide/plugins/com.st.stm32cube.ide.mcu.externaltools.gnu-tools-for-stm32.9-2020-q2-update.win32_2.0.0.202105311346/tools/bin/../lib/gcc/arm-none-eabi/9.3.1/thumb/v7-m/nofp/crtbegin.o
 *(.bss*)
 .bss.countDownRed1
                0x0000000020000090        0x4 ./Core/Src/global.o
                0x0000000020000090                countDownRed1
 .bss.countDownYellow1
                0x0000000020000094        0x4 ./Core/Src/global.o
                0x0000000020000094                countDownYellow1
 .bss.countDownGreen1
                0x0000000020000098        0x4 ./Core/Src/global.o
                0x0000000020000098                countDownGreen1
 .bss.countDownRed2
                0x000000002000009c        0x4 ./Core/Src/global.o
                0x000000002000009c                countDownRed2
 .bss.countDownYellow2
                0x00000000200000a0        0x4 ./Core/Src/global.o
                0x00000000200000a0                countDownYellow2
 .bss.countDownGreen2
                0x00000000200000a4        0x4 ./Core/Src/global.o
                0x00000000200000a4                countDownGreen2
 .bss.buttonState
                0x00000000200000a8        0x1 ./Core/Src/input_processing.o
                0x00000000200000a8                buttonState
 *fill*         0x00000000200000a9        0x3 
 .bss.counterForRed
                0x00000000200000ac        0x4 ./Core/Src/input_processing.o
                0x00000000200000ac                counterForRed
 .bss.counterForGreen
                0x00000000200000b0        0x4 ./Core/Src/input_processing.o
                0x00000000200000b0                counterForGreen
 .bss.counterForYellow
                0x00000000200000b4        0x4 ./Core/Src/input_processing.o
                0x00000000200000b4                counterForYellow
 .bss.flag      0x00000000200000b8        0x4 ./Core/Src/input_processing.o
                0x00000000200000b8                flag
 .bss.button1_flag
                0x00000000200000bc        0x4 ./Core/Src/input_reading.o
                0x00000000200000bc                button1_flag
 .bss.button2_flag
                0x00000000200000c0        0x4 ./Core/Src/input_reading.o
                0x00000000200000c0                button2_flag
 .bss.button3_flag
                0x00000000200000c4        0x4 ./Core/Src/input_reading.o
                0x00000000200000c4                button3_flag
 .bss.timer1_flag
                0x00000000200000c8        0x4 ./Core/Src/software_timer.o
                0x00000000200000c8                timer1_flag
 .bss.timer1_counter
                0x00000000200000cc        0x4 ./Core/Src/software_timer.o
                0x00000000200000cc                timer1_counter
 .bss.timer2_flag
                0x00000000200000d0        0x4 ./Core/Src/software_timer.o
                0x00000000200000d0                timer2_flag
 .bss.timer2_counter
                0x00000000200000d4        0x4 ./Core/Src/software_timer.o
                0x00000000200000d4                timer2_counter
 .bss.timer3_flag
                0x00000000200000d8        0x4 ./Core/Src/software_timer.o
                0x00000000200000d8                timer3_flag
 .bss.timer3_counter
                0x00000000200000dc        0x4 ./Core/Src/software_timer.o
                0x00000000200000dc                timer3_counter
 .bss.timer4_flag
                0x00000000200000e0        0x4 ./Core/Src/software_timer.o
                0x00000000200000e0                timer4_flag
 .bss.timer4_counter
                0x00000000200000e4        0x4 ./Core/Src/software_timer.o
                0x00000000200000e4                timer4_counter
 .bss.timer5_flag
                0x00000000200000e8        0x4 ./Core/Src/software_timer.o
                0x00000000200000e8                timer5_flag
 .bss.timer5_counter
                0x00000000200000ec        0x4 ./Core/Src/software_timer.o
                0x00000000200000ec                timer5_counter
 *(COMMON)
 COMMON         0x00000000200000f0       0x48 ./Core/Src/main.o
                0x00000000200000f0                htim2
 COMMON         0x0000000020000138        0x4 ./Drivers/STM32F1xx_HAL_Driver/Src/stm32f1xx_hal.o
                0x0000000020000138                uwTick
                0x000000002000013c                . = ALIGN (0x4)
                0x000000002000013c                _ebss = .
                0x000000002000013c                __bss_end__ = _ebss

._user_heap_stack
                0x000000002000013c      0x604 load address 0x0000000008002f74
                0x0000000020000140                . = ALIGN (0x8)
 *fill*         0x000000002000013c        0x4 
                [!provide]                        PROVIDE (end = .)
                0x0000000020000140                PROVIDE (_end = .)
                0x0000000020000340                . = (. + _Min_Heap_Size)
 *fill*         0x0000000020000140      0x200 
                0x0000000020000740                . = (. + _Min_Stack_Size)
 *fill*         0x0000000020000340      0x400 
                0x0000000020000740                . = ALIGN (0x8)

/DISCARD/
 libc.a(*)
 libm.a(*)
 libgcc.a(*)

.ARM.attributes
                0x0000000000000000       0x29
 *(.ARM.attributes)
 .ARM.attributes
                0x0000000000000000       0x1d c:/st/stm32cubeide_1.7.0/stm32cubeide/plugins/com.st.stm32cube.ide.mcu.externaltools.gnu-tools-for-stm32.9-2020-q2-update.win32_2.0.0.202105311346/tools/bin/../lib/gcc/arm-none-eabi/9.3.1/thumb/v7-m/nofp/crti.o
 .ARM.attributes
                0x000000000000001d       0x2d c:/st/stm32cubeide_1.7.0/stm32cubeide/plugins/com.st.stm32cube.ide.mcu.externaltools.gnu-tools-for-stm32.9-2020-q2-update.win32_2.0.0.202105311346/tools/bin/../lib/gcc/arm-none-eabi/9.3.1/thumb/v7-m/nofp/crtbegin.o
 .ARM.attributes
                0x000000000000004a       0x2d ./Core/Src/fsm_automatic.o
 .ARM.attributes
                0x0000000000000077       0x33 ./Core/Src/global.o
 .ARM.attributes
                0x00000000000000aa       0x2d ./Core/Src/input_processing.o
 .ARM.attributes
                0x00000000000000d7       0x2d ./Core/Src/input_reading.o
 .ARM.attributes
                0x0000000000000104       0x2d ./Core/Src/led_controller.o
 .ARM.attributes
                0x0000000000000131       0x2d ./Core/Src/main.o
 .ARM.attributes
                0x000000000000015e       0x2d ./Core/Src/software_timer.o
 .ARM.attributes
                0x000000000000018b       0x2d ./Core/Src/stm32f1xx_hal_msp.o
 .ARM.attributes
                0x00000000000001b8       0x2d ./Core/Src/stm32f1xx_it.o
 .ARM.attributes
                0x00000000000001e5       0x2d ./Core/Src/system_stm32f1xx.o
 .ARM.attributes
                0x0000000000000212       0x21 ./Core/Startup/startup_stm32f103c6ux.o
 .ARM.attributes
                0x0000000000000233       0x2d ./Drivers/STM32F1xx_HAL_Driver/Src/stm32f1xx_hal.o
 .ARM.attributes
                0x0000000000000260       0x2d ./Drivers/STM32F1xx_HAL_Driver/Src/stm32f1xx_hal_cortex.o
 .ARM.attributes
                0x000000000000028d       0x2d ./Drivers/STM32F1xx_HAL_Driver/Src/stm32f1xx_hal_gpio.o
 .ARM.attributes
                0x00000000000002ba       0x2d ./Drivers/STM32F1xx_HAL_Driver/Src/stm32f1xx_hal_rcc.o
 .ARM.attributes
                0x00000000000002e7       0x2d ./Drivers/STM32F1xx_HAL_Driver/Src/stm32f1xx_hal_tim.o
 .ARM.attributes
                0x0000000000000314       0x2d ./Drivers/STM32F1xx_HAL_Driver/Src/stm32f1xx_hal_tim_ex.o
 .ARM.attributes
                0x0000000000000341       0x2d c:/st/stm32cubeide_1.7.0/stm32cubeide/plugins/com.st.stm32cube.ide.mcu.externaltools.gnu-tools-for-stm32.9-2020-q2-update.win32_2.0.0.202105311346/tools/bin/../lib/gcc/arm-none-eabi/9.3.1/../../../../arm-none-eabi/lib/thumb/v7-m/nofp\libc_nano.a(lib_a-init.o)
 .ARM.attributes
                0x000000000000036e       0x2d c:/st/stm32cubeide_1.7.0/stm32cubeide/plugins/com.st.stm32cube.ide.mcu.externaltools.gnu-tools-for-stm32.9-2020-q2-update.win32_2.0.0.202105311346/tools/bin/../lib/gcc/arm-none-eabi/9.3.1/../../../../arm-none-eabi/lib/thumb/v7-m/nofp\libc_nano.a(lib_a-memset.o)
 .ARM.attributes
                0x000000000000039b       0x1d c:/st/stm32cubeide_1.7.0/stm32cubeide/plugins/com.st.stm32cube.ide.mcu.externaltools.gnu-tools-for-stm32.9-2020-q2-update.win32_2.0.0.202105311346/tools/bin/../lib/gcc/arm-none-eabi/9.3.1/thumb/v7-m/nofp/crtn.o
OUTPUT(lab3_STM.elf elf32-littlearm)
LOAD linker stubs
LOAD c:/st/stm32cubeide_1.7.0/stm32cubeide/plugins/com.st.stm32cube.ide.mcu.externaltools.gnu-tools-for-stm32.9-2020-q2-update.win32_2.0.0.202105311346/tools/bin/../lib/gcc/arm-none-eabi/9.3.1/../../../../arm-none-eabi/lib/thumb/v7-m/nofp\libc.a
LOAD c:/st/stm32cubeide_1.7.0/stm32cubeide/plugins/com.st.stm32cube.ide.mcu.externaltools.gnu-tools-for-stm32.9-2020-q2-update.win32_2.0.0.202105311346/tools/bin/../lib/gcc/arm-none-eabi/9.3.1/../../../../arm-none-eabi/lib/thumb/v7-m/nofp\libm.a
LOAD c:/st/stm32cubeide_1.7.0/stm32cubeide/plugins/com.st.stm32cube.ide.mcu.externaltools.gnu-tools-for-stm32.9-2020-q2-update.win32_2.0.0.202105311346/tools/bin/../lib/gcc/arm-none-eabi/9.3.1/thumb/v7-m/nofp\libgcc.a

.debug_info     0x0000000000000000     0x972b
 .debug_info    0x0000000000000000      0x3dd ./Core/Src/fsm_automatic.o
 .debug_info    0x00000000000003dd      0x2d2 ./Core/Src/global.o
 .debug_info    0x00000000000006af      0x41c ./Core/Src/input_processing.o
 .debug_info    0x0000000000000acb      0x401 ./Core/Src/input_reading.o
 .debug_info    0x0000000000000ecc      0x38d ./Core/Src/led_controller.o
 .debug_info    0x0000000000001259      0xcae ./Core/Src/main.o
 .debug_info    0x0000000000001f07      0x1d9 ./Core/Src/software_timer.o
 .debug_info    0x00000000000020e0      0xa04 ./Core/Src/stm32f1xx_hal_msp.o
 .debug_info    0x0000000000002ae4      0x7b4 ./Core/Src/stm32f1xx_it.o
 .debug_info    0x0000000000003298      0x2be ./Core/Src/system_stm32f1xx.o
 .debug_info    0x0000000000003556       0x22 ./Core/Startup/startup_stm32f103c6ux.o
 .debug_info    0x0000000000003578      0x74c ./Drivers/STM32F1xx_HAL_Driver/Src/stm32f1xx_hal.o
 .debug_info    0x0000000000003cc4      0xbbe ./Drivers/STM32F1xx_HAL_Driver/Src/stm32f1xx_hal_cortex.o
 .debug_info    0x0000000000004882      0x701 ./Drivers/STM32F1xx_HAL_Driver/Src/stm32f1xx_hal_gpio.o
 .debug_info    0x0000000000004f83      0x88e ./Drivers/STM32F1xx_HAL_Driver/Src/stm32f1xx_hal_rcc.o
 .debug_info    0x0000000000005811     0x2a45 ./Drivers/STM32F1xx_HAL_Driver/Src/stm32f1xx_hal_tim.o
 .debug_info    0x0000000000008256     0x14d5 ./Drivers/STM32F1xx_HAL_Driver/Src/stm32f1xx_hal_tim_ex.o

.debug_abbrev   0x0000000000000000     0x1b71
 .debug_abbrev  0x0000000000000000      0x162 ./Core/Src/fsm_automatic.o
 .debug_abbrev  0x0000000000000162       0xa9 ./Core/Src/global.o
 .debug_abbrev  0x000000000000020b      0x14c ./Core/Src/input_processing.o
 .debug_abbrev  0x0000000000000357      0x13b ./Core/Src/input_reading.o
 .debug_abbrev  0x0000000000000492      0x139 ./Core/Src/led_controller.o
 .debug_abbrev  0x00000000000005cb      0x244 ./Core/Src/main.o
 .debug_abbrev  0x000000000000080f       0xb6 ./Core/Src/software_timer.o
 .debug_abbrev  0x00000000000008c5      0x1b7 ./Core/Src/stm32f1xx_hal_msp.o
 .debug_abbrev  0x0000000000000a7c      0x176 ./Core/Src/stm32f1xx_it.o
 .debug_abbrev  0x0000000000000bf2      0x14e ./Core/Src/system_stm32f1xx.o
 .debug_abbrev  0x0000000000000d40       0x12 ./Core/Startup/startup_stm32f103c6ux.o
 .debug_abbrev  0x0000000000000d52      0x1ed ./Drivers/STM32F1xx_HAL_Driver/Src/stm32f1xx_hal.o
 .debug_abbrev  0x0000000000000f3f      0x313 ./Drivers/STM32F1xx_HAL_Driver/Src/stm32f1xx_hal_cortex.o
 .debug_abbrev  0x0000000000001252      0x1e8 ./Drivers/STM32F1xx_HAL_Driver/Src/stm32f1xx_hal_gpio.o
 .debug_abbrev  0x000000000000143a      0x273 ./Drivers/STM32F1xx_HAL_Driver/Src/stm32f1xx_hal_rcc.o
 .debug_abbrev  0x00000000000016ad      0x25e ./Drivers/STM32F1xx_HAL_Driver/Src/stm32f1xx_hal_tim.o
 .debug_abbrev  0x000000000000190b      0x266 ./Drivers/STM32F1xx_HAL_Driver/Src/stm32f1xx_hal_tim_ex.o

.debug_aranges  0x0000000000000000      0xab0
 .debug_aranges
                0x0000000000000000       0x38 ./Core/Src/fsm_automatic.o
 .debug_aranges
                0x0000000000000038       0x18 ./Core/Src/global.o
 .debug_aranges
                0x0000000000000050       0x20 ./Core/Src/input_processing.o
 .debug_aranges
                0x0000000000000070       0x48 ./Core/Src/input_reading.o
 .debug_aranges
                0x00000000000000b8       0x80 ./Core/Src/led_controller.o
 .debug_aranges
                0x0000000000000138       0x48 ./Core/Src/main.o
 .debug_aranges
                0x0000000000000180       0x48 ./Core/Src/software_timer.o
 .debug_aranges
                0x00000000000001c8       0x30 ./Core/Src/stm32f1xx_hal_msp.o
 .debug_aranges
                0x00000000000001f8       0x68 ./Core/Src/stm32f1xx_it.o
 .debug_aranges
                0x0000000000000260       0x28 ./Core/Src/system_stm32f1xx.o
 .debug_aranges
                0x0000000000000288       0x28 ./Core/Startup/startup_stm32f103c6ux.o
 .debug_aranges
                0x00000000000002b0       0xe0 ./Drivers/STM32F1xx_HAL_Driver/Src/stm32f1xx_hal.o
 .debug_aranges
                0x0000000000000390      0x100 ./Drivers/STM32F1xx_HAL_Driver/Src/stm32f1xx_hal_cortex.o
 .debug_aranges
                0x0000000000000490       0x58 ./Drivers/STM32F1xx_HAL_Driver/Src/stm32f1xx_hal_gpio.o
 .debug_aranges
                0x00000000000004e8       0x90 ./Drivers/STM32F1xx_HAL_Driver/Src/stm32f1xx_hal_rcc.o
 .debug_aranges
                0x0000000000000578      0x3d0 ./Drivers/STM32F1xx_HAL_Driver/Src/stm32f1xx_hal_tim.o
 .debug_aranges
                0x0000000000000948      0x168 ./Drivers/STM32F1xx_HAL_Driver/Src/stm32f1xx_hal_tim_ex.o

.debug_ranges   0x0000000000000000      0x9a0
 .debug_ranges  0x0000000000000000       0x28 ./Core/Src/fsm_automatic.o
 .debug_ranges  0x0000000000000028       0x10 ./Core/Src/input_processing.o
 .debug_ranges  0x0000000000000038       0x38 ./Core/Src/input_reading.o
 .debug_ranges  0x0000000000000070       0x70 ./Core/Src/led_controller.o
 .debug_ranges  0x00000000000000e0       0x38 ./Core/Src/main.o
 .debug_ranges  0x0000000000000118       0x38 ./Core/Src/software_timer.o
 .debug_ranges  0x0000000000000150       0x20 ./Core/Src/stm32f1xx_hal_msp.o
 .debug_ranges  0x0000000000000170       0x58 ./Core/Src/stm32f1xx_it.o
 .debug_ranges  0x00000000000001c8       0x18 ./Core/Src/system_stm32f1xx.o
 .debug_ranges  0x00000000000001e0       0x20 ./Core/Startup/startup_stm32f103c6ux.o
 .debug_ranges  0x0000000000000200       0xd0 ./Drivers/STM32F1xx_HAL_Driver/Src/stm32f1xx_hal.o
 .debug_ranges  0x00000000000002d0       0xf0 ./Drivers/STM32F1xx_HAL_Driver/Src/stm32f1xx_hal_cortex.o
 .debug_ranges  0x00000000000003c0       0x48 ./Drivers/STM32F1xx_HAL_Driver/Src/stm32f1xx_hal_gpio.o
 .debug_ranges  0x0000000000000408       0x80 ./Drivers/STM32F1xx_HAL_Driver/Src/stm32f1xx_hal_rcc.o
 .debug_ranges  0x0000000000000488      0x3c0 ./Drivers/STM32F1xx_HAL_Driver/Src/stm32f1xx_hal_tim.o
 .debug_ranges  0x0000000000000848      0x158 ./Drivers/STM32F1xx_HAL_Driver/Src/stm32f1xx_hal_tim_ex.o

.debug_macro    0x0000000000000000    0x16ccd
 .debug_macro   0x0000000000000000      0x1e1 ./Core/Src/fsm_automatic.o
 .debug_macro   0x00000000000001e1      0xa9c ./Core/Src/fsm_automatic.o
 .debug_macro   0x0000000000000c7d       0x16 ./Core/Src/fsm_automatic.o
 .debug_macro   0x0000000000000c93      0x215 ./Core/Src/fsm_automatic.o
 .debug_macro   0x0000000000000ea8       0x2e ./Core/Src/fsm_automatic.o
 .debug_macro   0x0000000000000ed6       0x22 ./Core/Src/fsm_automatic.o
 .debug_macro   0x0000000000000ef8       0x22 ./Core/Src/fsm_automatic.o
 .debug_macro   0x0000000000000f1a       0x8e ./Core/Src/fsm_automatic.o
 .debug_macro   0x0000000000000fa8       0x51 ./Core/Src/fsm_automatic.o
 .debug_macro   0x0000000000000ff9      0x103 ./Core/Src/fsm_automatic.o
 .debug_macro   0x00000000000010fc       0x6a ./Core/Src/fsm_automatic.o
 .debug_macro   0x0000000000001166      0x1df ./Core/Src/fsm_automatic.o
 .debug_macro   0x0000000000001345       0x1c ./Core/Src/fsm_automatic.o
 .debug_macro   0x0000000000001361       0x22 ./Core/Src/fsm_automatic.o
 .debug_macro   0x0000000000001383       0xc3 ./Core/Src/fsm_automatic.o
 .debug_macro   0x0000000000001446      0xd23 ./Core/Src/fsm_automatic.o
 .debug_macro   0x0000000000002169     0xde75 ./Core/Src/fsm_automatic.o
 .debug_macro   0x000000000000ffde       0x6d ./Core/Src/fsm_automatic.o
 .debug_macro   0x000000000001004b     0x3468 ./Core/Src/fsm_automatic.o
 .debug_macro   0x00000000000134b3      0x174 ./Core/Src/fsm_automatic.o
 .debug_macro   0x0000000000013627       0x5c ./Core/Src/fsm_automatic.o
 .debug_macro   0x0000000000013683      0x5be ./Core/Src/fsm_automatic.o
 .debug_macro   0x0000000000013c41      0x1b7 ./Core/Src/fsm_automatic.o
 .debug_macro   0x0000000000013df8      0x1cb ./Core/Src/fsm_automatic.o
 .debug_macro   0x0000000000013fc3      0x114 ./Core/Src/fsm_automatic.o
 .debug_macro   0x00000000000140d7      0x1b2 ./Core/Src/fsm_automatic.o
 .debug_macro   0x0000000000014289       0x27 ./Core/Src/fsm_automatic.o
 .debug_macro   0x00000000000142b0      0x12f ./Core/Src/fsm_automatic.o
 .debug_macro   0x00000000000143df      0x1bc ./Core/Src/fsm_automatic.o
 .debug_macro   0x000000000001459b       0x34 ./Core/Src/fsm_automatic.o
 .debug_macro   0x00000000000145cf       0x3c ./Core/Src/fsm_automatic.o
 .debug_macro   0x000000000001460b       0x57 ./Core/Src/fsm_automatic.o
 .debug_macro   0x0000000000014662       0x88 ./Core/Src/fsm_automatic.o
 .debug_macro   0x00000000000146ea      0x183 ./Core/Src/fsm_automatic.o
 .debug_macro   0x000000000001486d      0x141 ./Core/Src/fsm_automatic.o
 .debug_macro   0x00000000000149ae      0x8d1 ./Core/Src/fsm_automatic.o
 .debug_macro   0x000000000001527f       0x69 ./Core/Src/fsm_automatic.o
 .debug_macro   0x00000000000152e8      0x148 ./Core/Src/fsm_automatic.o
 .debug_macro   0x0000000000015430       0x34 ./Core/Src/fsm_automatic.o
 .debug_macro   0x0000000000015464      0x1c9 ./Core/Src/global.o
 .debug_macro   0x000000000001562d      0x1f7 ./Core/Src/input_processing.o
 .debug_macro   0x0000000000015824      0x1b0 ./Core/Src/input_reading.o
 .debug_macro   0x00000000000159d4      0x1bf ./Core/Src/led_controller.o
 .debug_macro   0x0000000000015b93      0x1f7 ./Core/Src/main.o
 .debug_macro   0x0000000000015d8a       0x21 ./Core/Src/software_timer.o
 .debug_macro   0x0000000000015dab      0x1a7 ./Core/Src/stm32f1xx_hal_msp.o
 .debug_macro   0x0000000000015f52      0x1b1 ./Core/Src/stm32f1xx_it.o
 .debug_macro   0x0000000000016103      0x198 ./Core/Src/system_stm32f1xx.o
 .debug_macro   0x000000000001629b      0x1bc ./Drivers/STM32F1xx_HAL_Driver/Src/stm32f1xx_hal.o
 .debug_macro   0x0000000000016457      0x198 ./Drivers/STM32F1xx_HAL_Driver/Src/stm32f1xx_hal_cortex.o
 .debug_macro   0x00000000000165ef      0x203 ./Drivers/STM32F1xx_HAL_Driver/Src/stm32f1xx_hal_gpio.o
 .debug_macro   0x00000000000167f2      0x1aa ./Drivers/STM32F1xx_HAL_Driver/Src/stm32f1xx_hal_rcc.o
 .debug_macro   0x000000000001699c      0x199 ./Drivers/STM32F1xx_HAL_Driver/Src/stm32f1xx_hal_tim.o
 .debug_macro   0x0000000000016b35      0x198 ./Drivers/STM32F1xx_HAL_Driver/Src/stm32f1xx_hal_tim_ex.o

.debug_line     0x0000000000000000     0xbcaf
 .debug_line    0x0000000000000000      0x9bd ./Core/Src/fsm_automatic.o
 .debug_line    0x00000000000009bd      0x674 ./Core/Src/global.o
 .debug_line    0x0000000000001031      0x8ef ./Core/Src/input_processing.o
 .debug_line    0x0000000000001920      0x7ec ./Core/Src/input_reading.o
 .debug_line    0x000000000000210c      0x7e8 ./Core/Src/led_controller.o
 .debug_line    0x00000000000028f4      0x7ea ./Core/Src/main.o
 .debug_line    0x00000000000030de      0x15c ./Core/Src/software_timer.o
 .debug_line    0x000000000000323a      0x6a1 ./Core/Src/stm32f1xx_hal_msp.o
 .debug_line    0x00000000000038db      0x73f ./Core/Src/stm32f1xx_it.o
 .debug_line    0x000000000000401a      0x6e3 ./Core/Src/system_stm32f1xx.o
 .debug_line    0x00000000000046fd       0x87 ./Core/Startup/startup_stm32f103c6ux.o
 .debug_line    0x0000000000004784      0x910 ./Drivers/STM32F1xx_HAL_Driver/Src/stm32f1xx_hal.o
 .debug_line    0x0000000000005094      0xaf8 ./Drivers/STM32F1xx_HAL_Driver/Src/stm32f1xx_hal_cortex.o
 .debug_line    0x0000000000005b8c      0x991 ./Drivers/STM32F1xx_HAL_Driver/Src/stm32f1xx_hal_gpio.o
 .debug_line    0x000000000000651d      0xd1e ./Drivers/STM32F1xx_HAL_Driver/Src/stm32f1xx_hal_rcc.o
 .debug_line    0x000000000000723b     0x326e ./Drivers/STM32F1xx_HAL_Driver/Src/stm32f1xx_hal_tim.o
 .debug_line    0x000000000000a4a9     0x1806 ./Drivers/STM32F1xx_HAL_Driver/Src/stm32f1xx_hal_tim_ex.o

.debug_str      0x0000000000000000    0x824f9
 .debug_str     0x0000000000000000    0x7f811 ./Core/Src/fsm_automatic.o
                                      0x7fb67 (size before relaxing)
 .debug_str     0x000000000007f811       0x15 ./Core/Src/global.o
                                      0x7fa9e (size before relaxing)
 .debug_str     0x000000000007f826       0xf6 ./Core/Src/input_processing.o
                                      0x7fbf8 (size before relaxing)
 .debug_str     0x000000000007f91c      0x112 ./Core/Src/input_reading.o
                                      0x7fa75 (size before relaxing)
 .debug_str     0x000000000007fa2e       0xe8 ./Core/Src/led_controller.o
                                      0x7fa6f (size before relaxing)
 .debug_str     0x000000000007fb16      0x6fb ./Core/Src/main.o
                                      0x802db (size before relaxing)
 .debug_str     0x0000000000080211       0xab ./Core/Src/software_timer.o
                                       0x2e49 (size before relaxing)
 .debug_str     0x00000000000802bc      0x2ba ./Core/Src/stm32f1xx_hal_msp.o
                                      0x800f5 (size before relaxing)
 .debug_str     0x0000000000080576       0xcd ./Core/Src/stm32f1xx_it.o
                                      0x7fe57 (size before relaxing)
 .debug_str     0x0000000000080643       0x52 ./Core/Src/system_stm32f1xx.o
                                      0x7f4ea (size before relaxing)
 .debug_str     0x0000000000080695       0x36 ./Core/Startup/startup_stm32f103c6ux.o
                                         0x55 (size before relaxing)
 .debug_str     0x00000000000806cb      0x304 ./Drivers/STM32F1xx_HAL_Driver/Src/stm32f1xx_hal.o
                                      0x7fb41 (size before relaxing)
 .debug_str     0x00000000000809cf      0x300 ./Drivers/STM32F1xx_HAL_Driver/Src/stm32f1xx_hal_cortex.o
                                      0x7fb49 (size before relaxing)
 .debug_str     0x0000000000080ccf      0x31f ./Drivers/STM32F1xx_HAL_Driver/Src/stm32f1xx_hal_gpio.o
                                      0x7f8ae (size before relaxing)
 .debug_str     0x0000000000080fee      0x24f ./Drivers/STM32F1xx_HAL_Driver/Src/stm32f1xx_hal_rcc.o
                                      0x7f8e7 (size before relaxing)
 .debug_str     0x000000000008123d      0xdce ./Drivers/STM32F1xx_HAL_Driver/Src/stm32f1xx_hal_tim.o
                                      0x808b9 (size before relaxing)
 .debug_str     0x000000000008200b      0x4ee ./Drivers/STM32F1xx_HAL_Driver/Src/stm32f1xx_hal_tim_ex.o
                                      0x8006a (size before relaxing)

.comment        0x0000000000000000       0x53
 .comment       0x0000000000000000       0x53 ./Core/Src/fsm_automatic.o
                                         0x54 (size before relaxing)
 .comment       0x0000000000000053       0x54 ./Core/Src/global.o
 .comment       0x0000000000000053       0x54 ./Core/Src/input_processing.o
 .comment       0x0000000000000053       0x54 ./Core/Src/input_reading.o
 .comment       0x0000000000000053       0x54 ./Core/Src/led_controller.o
 .comment       0x0000000000000053       0x54 ./Core/Src/main.o
 .comment       0x0000000000000053       0x54 ./Core/Src/software_timer.o
 .comment       0x0000000000000053       0x54 ./Core/Src/stm32f1xx_hal_msp.o
 .comment       0x0000000000000053       0x54 ./Core/Src/stm32f1xx_it.o
 .comment       0x0000000000000053       0x54 ./Core/Src/system_stm32f1xx.o
 .comment       0x0000000000000053       0x54 ./Drivers/STM32F1xx_HAL_Driver/Src/stm32f1xx_hal.o
 .comment       0x0000000000000053       0x54 ./Drivers/STM32F1xx_HAL_Driver/Src/stm32f1xx_hal_cortex.o
 .comment       0x0000000000000053       0x54 ./Drivers/STM32F1xx_HAL_Driver/Src/stm32f1xx_hal_gpio.o
 .comment       0x0000000000000053       0x54 ./Drivers/STM32F1xx_HAL_Driver/Src/stm32f1xx_hal_rcc.o
 .comment       0x0000000000000053       0x54 ./Drivers/STM32F1xx_HAL_Driver/Src/stm32f1xx_hal_tim.o
 .comment       0x0000000000000053       0x54 ./Drivers/STM32F1xx_HAL_Driver/Src/stm32f1xx_hal_tim_ex.o

.debug_frame    0x0000000000000000     0x29d0
 .debug_frame   0x0000000000000000       0x98 ./Core/Src/fsm_automatic.o
 .debug_frame   0x0000000000000098       0x2c ./Core/Src/input_processing.o
 .debug_frame   0x00000000000000c4       0xc4 ./Core/Src/input_reading.o
 .debug_frame   0x0000000000000188      0x184 ./Core/Src/led_controller.o
 .debug_frame   0x000000000000030c       0xd4 ./Core/Src/main.o
 .debug_frame   0x00000000000003e0       0xf8 ./Core/Src/software_timer.o
 .debug_frame   0x00000000000004d8       0x80 ./Core/Src/stm32f1xx_hal_msp.o
 .debug_frame   0x0000000000000558      0x120 ./Core/Src/stm32f1xx_it.o
 .debug_frame   0x0000000000000678       0x58 ./Core/Src/system_stm32f1xx.o
 .debug_frame   0x00000000000006d0      0x334 ./Drivers/STM32F1xx_HAL_Driver/Src/stm32f1xx_hal.o
 .debug_frame   0x0000000000000a04      0x428 ./Drivers/STM32F1xx_HAL_Driver/Src/stm32f1xx_hal_cortex.o
 .debug_frame   0x0000000000000e2c      0x14c ./Drivers/STM32F1xx_HAL_Driver/Src/stm32f1xx_hal_gpio.o
 .debug_frame   0x0000000000000f78      0x21c ./Drivers/STM32F1xx_HAL_Driver/Src/stm32f1xx_hal_rcc.o
 .debug_frame   0x0000000000001194     0x11b8 ./Drivers/STM32F1xx_HAL_Driver/Src/stm32f1xx_hal_tim.o
 .debug_frame   0x000000000000234c      0x638 ./Drivers/STM32F1xx_HAL_Driver/Src/stm32f1xx_hal_tim_ex.o
 .debug_frame   0x0000000000002984       0x2c c:/st/stm32cubeide_1.7.0/stm32cubeide/plugins/com.st.stm32cube.ide.mcu.externaltools.gnu-tools-for-stm32.9-2020-q2-update.win32_2.0.0.202105311346/tools/bin/../lib/gcc/arm-none-eabi/9.3.1/../../../../arm-none-eabi/lib/thumb/v7-m/nofp\libc_nano.a(lib_a-init.o)
 .debug_frame   0x00000000000029b0       0x20 c:/st/stm32cubeide_1.7.0/stm32cubeide/plugins/com.st.stm32cube.ide.mcu.externaltools.gnu-tools-for-stm32.9-2020-q2-update.win32_2.0.0.202105311346/tools/bin/../lib/gcc/arm-none-eabi/9.3.1/../../../../arm-none-eabi/lib/thumb/v7-m/nofp\libc_nano.a(lib_a-memset.o)
